
> backend@1.0.0 test
> jest --coverage

-------------------------|---------|----------|---------|---------|-------------------
File                     | % Stmts | % Branch | % Funcs | % Lines | Uncovered Line #s 
-------------------------|---------|----------|---------|---------|-------------------
All files                |   24.21 |     26.5 |    42.3 |   23.74 |                   
 src                     |       0 |        0 |       0 |       0 |                   
  app.ts                 |       0 |        0 |       0 |       0 | 1-83              
 src/middleware          |       0 |        0 |       0 |       0 |                   
  adminOnly.ts           |       0 |        0 |       0 |       0 | 19-33             
  auth.ts                |       0 |        0 |       0 |       0 | 2-66              
 src/modules/auth        |   36.06 |       30 |      50 |   36.06 |                   
  auth.controller.ts     |       0 |        0 |       0 |       0 | 2-123             
  auth.routes.ts         |       0 |      100 |     100 |       0 | 1-31              
  auth.service.ts        |     100 |      100 |     100 |     100 |                   
 src/modules/vehicles    |   26.44 |    34.04 |      50 |   25.21 |                   
  vehicles.controller.ts |       0 |        0 |       0 |       0 | 2-198             
  vehicles.routes.ts     |       0 |      100 |     100 |       0 | 1-50              
  vehicles.service.ts    |   94.11 |       80 |     100 |   93.75 | 89,92             
 src/utils               |       0 |        0 |     100 |       0 |                   
  prismaClient.ts        |       0 |        0 |     100 |       0 | 1-28              
-------------------------|---------|----------|---------|---------|-------------------
